[backblue.gif]
[fade.gif]
[index.html]
[www.dafabrica.com.br/favicon.png]
[www.dafabrica.com.br/img/logo.png]
[www.dafabrica.com.br/media/slider/banner01.jpg]
[www.dafabrica.com.br/media/slider/banner03.jpg]
[www.dafabrica.com.br/media/product/fluido-radiador/coolant_plus_rx120.jpg]
[www.dafabrica.com.br/media/product/agro-truck/pronto_uso.jpg]
[www.dafabrica.com.br/media/product/fluidos-hidraulicos/dot3.jpg]
[www.dafabrica.com.br/media/product/limpeza/limpa_ar-condicionado.jpg]
[www.dafabrica.com.br/media/product/aditivos-combustivel/rxflex.jpg]
[www.dafabrica.com.br/media/product/manutencao/kit_revisao.jpg]
[www.dafabrica.com.br/media/product/equipamentos/arrefecimento.jpg]
[www.dafabrica.com.br/media/product/fluido-radiador/concentrados_rx110.jpg]
[www.dafabrica.com.br/media/product/agro-truck/fluido_radiador.jpg]
[www.dafabrica.com.br/media/product/limpeza/limpa_pneus.jpg]
[www.dafabrica.com.br/media/product/manutencao/limpa_bicos_lx501.jpg]
[www.dafabrica.com.br/media/paralax/parallax_meio.jpg]
[www.dafabrica.com.br/blog/imgs/capa_neblina.png]
[www.dafabrica.com.br/blog/imgs/capa_ar.png]
[www.dafabrica.com.br/blog/imgs/capa_parceiro.png]
[www.dafabrica.com.br/blog/imgs/revisao_preventiva.jpg]
[www.dafabrica.com.br/blog/imgs/rumpler.jpg]
[www.dafabrica.com.br/media/paralax/paralaxcoop1.png]
[www.dafabrica.com.br/media/local.png]
[www.dafabrica.com.br/img/fdez.png]
[www.dafabrica.com.br/index.html]
[www.dafabrica.com.br/css/master.css]
[www.dafabrica.com.br/media/paralax/paralaxcoop2.png]
[www.dafabrica.com.br/css/meucss.css]
[www.dafabrica.com.br/media/product/limpeza/lava_seco.jpg]
[www.dafabrica.com.br/media/product/limpeza/fichas-fispq/rx-360/ficha_tecnica.pdf]
[www.dafabrica.com.br/media/product/limpeza/fichas-fispq/rx-360/fispq.pdf]
[www.dafabrica.com.br/media/product/limpeza/detergente.jpg]
[www.dafabrica.com.br/media/product/limpeza/fichas-fispq/rx-330/ficha_tecnica.pdf]
[www.dafabrica.com.br/media/product/limpeza/fichas-fispq/rx-330/fispq.pdf]
[www.dafabrica.com.br/media/product/limpeza/lava_auto_cera.jpg]
[www.dafabrica.com.br/media/product/limpeza/fichas-fispq/rx-370/ficha_tecnica.pdf]
[www.dafabrica.com.br/media/product/limpeza/fichas-fispq/rx-370/fispq.pdf]
[www.dafabrica.com.br/media/product/limpeza/fichas-fispq/rx-350/ficha_tecnica.pdf]
[www.dafabrica.com.br/media/product/limpeza/fichas-fispq/rx-350/fispq.pdf]
[www.dafabrica.com.br/media/product/limpeza/cera_polidora.jpg]
[www.dafabrica.com.br/media/product/limpeza/fichas-fispq/rx-380/ficha_tecnica.pdf]
[www.dafabrica.com.br/media/product/limpeza/fichas-fispq/rx-380/fispq.pdf]
[www.dafabrica.com.br/media/product/limpeza/gel_revitalizador.jpg]
[www.dafabrica.com.br/media/product/limpeza/fichas-fispq/rx-340/ficha_tecnica.pdf]
[www.dafabrica.com.br/media/product/limpeza/fichas-fispq/rx-340/fispq.pdf]
[www.dafabrica.com.br/media/product/limpeza/embelezador_couro.jpg]
[www.dafabrica.com.br/media/product/limpeza/fichas-fispq/rx-390/ficha_tecnica.pdf]
[www.dafabrica.com.br/media/product/limpeza/fichas-fispq/rx-390/fispq.pdf]
[www.dafabrica.com.br/media/product/limpeza/limpa_maos.jpg]
[www.dafabrica.com.br/media/product/limpeza/fichas-fispq/rx-320/ficha_tecnica.pdf]
[www.dafabrica.com.br/media/product/limpeza/fichas-fispq/rx-320/fispq.pdf]
[www.dafabrica.com.br/media/product/limpeza/limpa_bau.jpg]
[www.dafabrica.com.br/media/product/limpeza/fichas-fispq/rx-1000/ficha_tecnica.pdf]
[www.dafabrica.com.br/media/product/limpeza/fichas-fispq/rx-1000/fispq.pdf]
[www.dafabrica.com.br/media/product/limpeza/desengraxante_chassis.jpg]
[www.dafabrica.com.br/media/product/limpeza/fichas-fispq/rx-1030/ficha_tecnica.pdf]
[www.dafabrica.com.br/media/product/limpeza/fichas-fispq/rx-1030/fispq.pdf]
[www.dafabrica.com.br/media/product/limpeza/desincrustante.jpg]
[www.dafabrica.com.br/media/product/limpeza/fichas-fispq/rx-5000/ficha_tecnica.pdf]
[www.dafabrica.com.br/media/product/limpeza/fichas-fispq/rx-5000/fispq.pdf]
[www.dafabrica.com.br/media/product/limpeza/detergente_super_concentrado.jpg]
[www.dafabrica.com.br/media/product/limpeza/fichas-fispq/rx-1040/ficha_tecnica.pdf]
[www.dafabrica.com.br/media/product/limpeza/fichas-fispq/rx-1040/fispq.pdf]
[www.dafabrica.com.br/media/product/limpeza/fichas-fispq/rx-300-301-302/ficha_tecnica.pdf]
[www.dafabrica.com.br/media/product/limpeza/fichas-fispq/rx-300-301-302/fispq.pdf]
[www.dafabrica.com.br/media/product/limpeza/limpa_ar-condicionado_granada.jpg]
[www.dafabrica.com.br/media/product/limpeza/fichas-fispq/rx-400-401/ficha_tecnica.pdf]
[www.dafabrica.com.br/media/product/limpeza/fichas-fispq/rx-400-401/fispq.pdf]
[www.dafabrica.com.br/media/product/limpeza/vision_clear.jpg]
[www.dafabrica.com.br/media/product/limpeza/fichas-fispq/rx-310-312/ficha_tecnica.pdf]
[www.dafabrica.com.br/media/product/limpeza/fichas-fispq/rx-310-312/fispq.pdf]
[www.dafabrica.com.br/media/product/manutencao/rxlub.jpg]
[www.dafabrica.com.br/media/product/manutencao/fichas-fispq/rx-420-427/ficha_tecnica.pdf]
[www.dafabrica.com.br/media/product/manutencao/descarbonizante_limpa_tbi.jpg]
[www.dafabrica.com.br/media/product/manutencao/fichas-fispq/rx-410/ficha_tecnica.pdf]
[www.dafabrica.com.br/media/product/manutencao/fichas-fispq/rx-410/fispq.pdf]
[www.dafabrica.com.br/media/product/manutencao/graxa_branca.jpg]
[www.dafabrica.com.br/media/product/manutencao/fichas-fispq/rx-430-437/ficha_tecnica.pdf]
[www.dafabrica.com.br/media/product/manutencao/silicone.jpg]
[www.dafabrica.com.br/media/product/manutencao/fichas-fispq/rx-440-447/ficha_tecnica.pdf]
[www.dafabrica.com.br/media/product/manutencao/fichas-fispq/rx-440-447/fispq.pdf]
[www.dafabrica.com.br/media/product/manutencao/limpa_carter_lx500.jpg]
[www.dafabrica.com.br/media/product/manutencao/fichas-fispq/lx-500/ficha_tecnica.pdf]
[www.dafabrica.com.br/media/product/manutencao/fichas-fispq/lx-501/ficha_tecnica.pdf]
[www.dafabrica.com.br/media/product/manutencao/limpa_direcao_hidraulica.jpg]
[www.dafabrica.com.br/media/product/manutencao/fichas-fispq/lx-502/ficha_tecnica.pdf]
[www.dafabrica.com.br/media/product/manutencao/fichas-fispq/lx-502/fispq.pdf]
[www.dafabrica.com.br/media/product/manutencao/fichas-fispq/kt-457/ficha_tecnica.pdf]
[www.dafabrica.com.br/media/product/manutencao/fichas-fispq/kt-457/fispq.pdf]
[www.dafabrica.com.br/media/product/manutencao/oil_treatment.jpg]
[www.dafabrica.com.br/media/product/manutencao/fichas-fispq/rx-800/ficha_tecnica.pdf]
[www.dafabrica.com.br/media/product/manutencao/condicionador_metais.jpg]
[www.dafabrica.com.br/media/product/manutencao/fichas-fispq/rx-395/ficha_tecnica.pdf]
[www.dafabrica.com.br/media/product/manutencao/fichas-fispq/rx-395/fispq.pdf]
[www.dafabrica.com.br/media/product/fluido-radiador/fichas-fispq/polimeros-sinteticos/rx-110/ficha_tecnica.pdf]
[www.dafabrica.com.br/media/product/fluido-radiador/fichas-fispq/polimeros-sinteticos/rx-110/fispq.pdf]
[www.dafabrica.com.br/media/product/fluido-radiador/organic_plus_rx230.jpg]
[www.dafabrica.com.br/media/product/fluido-radiador/fichas-fispq/polimeros-sinteticos/rx-230/ficha_tecnica.pdf]
[www.dafabrica.com.br/media/product/fluido-radiador/fichas-fispq/polimeros-sinteticos/rx-230/fispq.pdf]
[www.dafabrica.com.br/media/product/fluido-radiador/fichas-fispq/polimeros-sinteticos/rx-120/ficha_tecnica.pdf]
[www.dafabrica.com.br/media/product/fluido-radiador/fichas-fispq/polimeros-sinteticos/rx-120/fispq.pdf]
[www.dafabrica.com.br/media/product/fluido-radiador/dose_unica_rx140.jpg]
[www.dafabrica.com.br/media/product/fluido-radiador/fichas-fispq/polimeros-sinteticos/rx-140/ficha_tecnica.pdf]
[www.dafabrica.com.br/media/product/fluido-radiador/fichas-fispq/polimeros-sinteticos/rx-140/fispq.pdf]
[www.dafabrica.com.br/media/product/fluido-radiador/dose_unica_rx141.jpg]
[www.dafabrica.com.br/media/product/fluido-radiador/fichas-fispq/polimeros-sinteticos/rx-141/ficha_tecnica.pdf]
[www.dafabrica.com.br/media/product/fluido-radiador/fichas-fispq/polimeros-sinteticos/rx-141/fispq.pdf]
[www.dafabrica.com.br/media/product/fluido-radiador/diesel_rx250.jpg]
[www.dafabrica.com.br/media/product/fluido-radiador/fichas-fispq/polimeros-sinteticos/rx-250/ficha_tecnica.pdf]
[www.dafabrica.com.br/media/product/fluido-radiador/fichas-fispq/polimeros-sinteticos/rx-250/fispq.pdf]
[www.dafabrica.com.br/media/product/fluido-radiador/limpa_radiador.jpg]
[www.dafabrica.com.br/media/product/fluido-radiador/fichas-fispq/polimeros-sinteticos/lrx-200/ficha_tecnica.pdf]
[www.dafabrica.com.br/media/product/fluido-radiador/fichas-fispq/polimeros-sinteticos/lrx-200/fispq.pdf]
[www.dafabrica.com.br/media/product/fluido-radiador/agua_desmineralizada.jpg]
[www.dafabrica.com.br/media/product/fluido-radiador/fichas-fispq/polimeros-sinteticos/rx-5001/ficha_tecnica.pdf]
[www.dafabrica.com.br/media/product/fluido-radiador/fichas-fispq/polimeros-sinteticos/rx-5001/fispq.pdf]
[www.dafabrica.com.br/media/product/fluido-radiador/aditivo-radiador/rx2000.jpg]
[www.dafabrica.com.br/media/product/fluido-radiador/fichas-fispq/monoetilenoglicol/rx-2000/ficha_tecnica.pdf]
[www.dafabrica.com.br/media/product/fluido-radiador/fichas-fispq/monoetilenoglicol/rx-2000/fispq.pdf]
[www.dafabrica.com.br/media/product/fluido-radiador/aditivo-radiador/rx2001.jpg]
[www.dafabrica.com.br/media/product/fluido-radiador/fichas-fispq/monoetilenoglicol/rx-2001/ficha_tecnica.pdf]
[www.dafabrica.com.br/media/product/fluido-radiador/fichas-fispq/monoetilenoglicol/rx-2001/fispq.pdf]
[www.dafabrica.com.br/media/product/fluido-radiador/aditivo-radiador/rx2010.jpg]
[www.dafabrica.com.br/media/product/fluido-radiador/fichas-fispq/monoetilenoglicol/rx-2010/ficha_tecnica.pdf]
[www.dafabrica.com.br/media/product/fluido-radiador/fichas-fispq/monoetilenoglicol/rx-2010/fispq.pdf]
[www.dafabrica.com.br/media/product/fluido-radiador/aditivo-radiador/rx2018.jpg]
[www.dafabrica.com.br/media/product/fluido-radiador/fichas-fispq/monoetilenoglicol/rx-2018/ficha_tecnica.pdf]
[www.dafabrica.com.br/media/product/fluido-radiador/fichas-fispq/monoetilenoglicol/rx-2018/fispq.pdf]
[www.dafabrica.com.br/media/product/aditivos-combustivel/booster.jpg]
[www.dafabrica.com.br/media/product/aditivos-combustivel/fichas-fispq/rx-610/ficha_tecnica.pdf]
[www.dafabrica.com.br/media/product/aditivos-combustivel/fichas-fispq/rx-610/fispq.pdf]
[www.dafabrica.com.br/media/product/aditivos-combustivel/rxmoto.jpg]
[www.dafabrica.com.br/media/product/aditivos-combustivel/fichas-fispq/rx-604/ficha_tecnica.pdf]
[www.dafabrica.com.br/media/product/aditivos-combustivel/fichas-fispq/rx-604/fispq.pdf]
[www.dafabrica.com.br/media/product/aditivos-combustivel/fichas-fispq/rx-600/ficha_tecnica.pdf]
[www.dafabrica.com.br/media/product/aditivos-combustivel/fichas-fispq/rx-600/fispq.pdf]
[www.dafabrica.com.br/media/product/aditivos-combustivel/rxgas.jpg]
[www.dafabrica.com.br/media/product/aditivos-combustivel/fichas-fispq/rx-601/ficha_tecnica.pdf]
[www.dafabrica.com.br/media/product/aditivos-combustivel/fichas-fispq/rx-601/fispq.pdf]
[www.dafabrica.com.br/media/product/aditivos-combustivel/rxdiesel.jpg]
[www.dafabrica.com.br/media/product/aditivos-combustivel/fichas-fispq/rx-602/ficha_tecnica.pdf]
[www.dafabrica.com.br/media/product/aditivos-combustivel/fichas-fispq/rx-602/fispq.pdf]
[www.dafabrica.com.br/media/product/equipamentos/fichas-fispq/ficha_tecnica.pdf]
[www.dafabrica.com.br/media/product/equipamentos/fichas-fispq/fispq.pdf]
[www.dafabrica.com.br/media/product/equipamentos/nebulizador.jpg]
[www.dafabrica.com.br/media/product/equipamentos/medidor_pressao.jpg]
[www.dafabrica.com.br/media/product/agro-truck/fichas-fispq/frc/ficha_tecnica.pdf]
[www.dafabrica.com.br/media/product/agro-truck/fichas-fispq/frc/fispq.pdf]
[www.dafabrica.com.br/media/product/agro-truck/fichas-fispq/rx-2030/ficha_tecnica.pdf]
[www.dafabrica.com.br/media/product/agro-truck/fichas-fispq/rx-2030/fispq.pdf]
[www.dafabrica.com.br/media/product/agro-truck/fichas-fispq/rx-2035/ficha_tecnica.pdf]
[www.dafabrica.com.br/media/product/agro-truck/fichas-fispq/rx-2035/fispq.pdf]
[www.dafabrica.com.br/media/product/fluidos-hidraulicos/fichas-fispq/rx-700-702/ficha_tecnica.pdf]
[www.dafabrica.com.br/media/product/fluidos-hidraulicos/fichas-fispq/rx-700-702/fispq.pdf]
[www.dafabrica.com.br/media/product/fluidos-hidraulicos/dot4.jpg]
[www.dafabrica.com.br/media/product/fluidos-hidraulicos/fichas-fispq/rx-701-703/ficha_tecnica.pdf]
[www.dafabrica.com.br/media/product/fluidos-hidraulicos/fichas-fispq/rx-701-703/fispq.pdf]
[www.dafabrica.com.br/media/product/fluidos-hidraulicos/atf.jpg]
[www.dafabrica.com.br/media/product/fluidos-hidraulicos/fichas-fispq/rx-704-705-706-707-709/ficha_tecnica.pdf]
[www.dafabrica.com.br/media/product/fluidos-hidraulicos/fichas-fispq/rx-704-705-706-707-709/fispq.pdf]
[www.dafabrica.com.br/produtos.html]
[www.dafabrica.com.br/index-2.html]
[www.dafabrica.com.br/media/videos/empresa.mp4]
[www.dafabrica.com.br/media/videos/empresa.ogg]
[www.dafabrica.com.br/empresa.html]
[ajax.googleapis.com/ajax/libs/jquery/1.7.1/jquery.min.js]
[www.dafabrica.com.br/contato/img/logo.png]
[www.dafabrica.com.br/contato/loading.gif]
[www.dafabrica.com.br/contato/img/fdez.png]
[www.dafabrica.com.br/contato/contato.html]
[www.dafabrica.com.br/blog/imgs/parceiro.png]
[www.dafabrica.com.br/blog/imgs/neblina.jpg]
[www.dafabrica.com.br/blog/imgs/troca_oleo.jpg]
[www.dafabrica.com.br/blog/imgs/ripsaw.jpg]
[www.dafabrica.com.br/blog/imgs/blindados.jpg]
[www.dafabrica.com.br/blog/imgs/meio_fio.jpg]
[www.dafabrica.com.br/blog/imgs/oleo_90segundos.jpg]
[www.dafabrica.com.br/blog/imgs/riscos_lavagem.jpg]
[www.dafabrica.com.br/blog.html]
[www.dafabrica.com.br/media/slider/banner02.jpg]
[www.dafabrica.com.br/blog/imgs/ar.png]
[www.dafabrica.com.br/blog/cuidado-neblina.html]
[www.dafabrica.com.br/blog/limpeza-ar-condicionado.html]
[www.dafabrica.com.br/blog/imgs/palhetas.jpg]
[www.dafabrica.com.br/blog/rumples.html]
[www.dafabrica.com.br/js/jquery-1.11.1.min.js]
[www.dafabrica.com.br/js/jquery-migrate-1.2.1.js]
[www.dafabrica.com.br/js/bootstrap-3.1.1.min.js]
[www.dafabrica.com.br/js/modernizr.custom.js]
[www.dafabrica.com.br/js/classie.js]
[www.dafabrica.com.br/js/pathLoader.js]
[www.dafabrica.com.br/js/waypoints.min.js]
[www.dafabrica.com.br/js/loader.js]
[www.dafabrica.com.br/js/jflickrfeed.min.js]
[www.dafabrica.com.br/plugins/selectbox/jquery.selectbox-0.2.js]
[www.dafabrica.com.br/plugins/backstretch/backstretch-2.0.4.min.js]
[www.dafabrica.com.br/plugins/camera-slider/camera-slider-1.3.4.min.js]
[www.dafabrica.com.br/plugins/camera-slider/easing-1.3.min.js]
[www.dafabrica.com.br/plugins/fancybox/fancybox-1.3.4.pack.js]
[www.dafabrica.com.br/plugins/fancybox/klass-1.0.min.js]
[www.dafabrica.com.br/plugins/fancybox/photoswipe-3.0.5.min.js]
[www.dafabrica.com.br/plugins/hover-animations/transform2d.min.js]
[www.dafabrica.com.br/plugins/hover-animations/hover-animations-1.0.min.js]
[www.dafabrica.com.br/js/smart-menu.js]
[www.dafabrica.com.br/js/cssua.min.js]
[www.dafabrica.com.br/plugins/bxslider/jquery.bxslider.min.js]
[www.dafabrica.com.br/plugins/nouislider/jquery.nouislider.min.js]
[www.dafabrica.com.br/plugins/flexslider/jquery.flexslider.js]
[www.dafabrica.com.br/js/parallax.min.js]
[www.dafabrica.com.br/js/custom.js]
[www.dafabrica.com.br/css/bootstrap-3.1.1.min.css]
[www.dafabrica.com.br/css/custom.css]
[www.dafabrica.com.br/img/bg_loader.jpg]
[www.dafabrica.com.br/img/icons/phone.png]
[www.dafabrica.com.br/css/inner.css]
[www.dafabrica.com.br/css/shop.css]
[www.dafabrica.com.br/css/responsive.css]
[www.dafabrica.com.br/css/loader.css]
[www.dafabrica.com.br/css/color.css]
[www.dafabrica.com.br/css/smart-menu.css]
[www.dafabrica.com.br/css/animate.css]
[www.dafabrica.com.br/css/debugging.css]
[www.dafabrica.com.br/fonts/webfontkit/fjallaone-regular-webfont.woff]
[www.dafabrica.com.br/fonts/webfontkit/fjallaone-regular-webfont.ttf]
[www.dafabrica.com.br/fonts/webfontkit/stylesheet.css]
[www.dafabrica.com.br/fonts/font-awesome-4.1.0/fonts/fontawesome-webfont862f.eot]
[www.dafabrica.com.br/fonts/font-awesome-4.1.0/fonts/fontawesome-webfontd41d.eot]
[www.dafabrica.com.br/fonts/font-awesome-4.1.0/fonts/fontawesome-webfont862f.woff]
[www.dafabrica.com.br/fonts/font-awesome-4.1.0/fonts/fontawesome-webfont862f.ttf]
[www.dafabrica.com.br/fonts/font-awesome-4.1.0/css/font-awesome.min.css]
[www.dafabrica.com.br/plugins/selectbox/select-icons.png]
[www.dafabrica.com.br/plugins/selectbox/jquery.selectbox.css]
[www.dafabrica.com.br/plugins/camera-slider/camera-master/images/camera-loader.gif]
[www.dafabrica.com.br/plugins/camera-slider/camera-master/images/camera_skins.png]
[www.dafabrica.com.br/plugins/camera-slider/camera-slider-1.3.4.min.css]
[www.dafabrica.com.br/plugins/fancybox/fancybox.png]
[www.dafabrica.com.br/plugins/fancybox/blank.gif]
[www.dafabrica.com.br/plugins/fancybox/fancybox-x.png]
[www.dafabrica.com.br/plugins/fancybox/fancybox-y.png]
[www.dafabrica.com.br/plugins/fancybox/fancy_title_over.png]
[www.dafabrica.com.br/plugins/fancybox/fancybox-1.3.4.min.css]
[www.dafabrica.com.br/plugins/fancybox/photoswipe-3.0.5.min.css]
[www.dafabrica.com.br/plugins/hover-animations/b70.png]
[www.dafabrica.com.br/plugins/hover-animations/hover-animations-1.0.min.css]
[www.dafabrica.com.br/plugins/justinaguilar-animations/animations.css]
[www.dafabrica.com.br/plugins/validation/captchaoverlay.png]
[www.dafabrica.com.br/plugins/validation/validation-2.2.min.css]
[www.dafabrica.com.br/plugins/bxslider/images/bx_loader.gif]
[www.dafabrica.com.br/plugins/bxslider/images/controls.png]
[www.dafabrica.com.br/plugins/bxslider/jquery.bxslider.css]
[www.dafabrica.com.br/plugins/nouislider/jquery.nouislider.css]
[www.dafabrica.com.br/plugins/flexslider/fonts/flexslider-icon.eot]
[www.dafabrica.com.br/plugins/flexslider/fonts/flexslider-icon.woff]
[www.dafabrica.com.br/plugins/flexslider/fonts/flexslider-icon.ttf]
[www.dafabrica.com.br/plugins/flexslider/fonts/flexslider-icond41d.eot]
[www.dafabrica.com.br/plugins/flexslider/flexslider.css]
[www.dafabrica.com.br/css/lightbox.css]
[www.dafabrica.com.br/media/paralax/paralaxcoop2.png]
[www.dafabrica.com.br/media/product/limpeza/desengraxante_chassis.jpg]
[www.dafabrica.com.br/media/product/manutencao/fichas-fispq/rx-420-427/fispq.html]
[www.dafabrica.com.br/media/product/manutencao/fichas-fispq/rx-430-437/fispq.html]
[www.dafabrica.com.br/media/product/manutencao/fichas-fispq/lx-500/fispq.html]
[www.dafabrica.com.br/media/product/manutencao/fichas-fispq/lx-501/fispq.html]
[www.dafabrica.com.br/media/product/manutencao/fichas-fispq/rx-800/fispq.html]
[www.dafabrica.com.br/media/product/fluidos-hidraulicos/atf.jpg]
[www.dafabrica.com.br/media/videos/empresa.mp4]
[www.dafabrica.com.br/contato/favicon.html]
[www.dafabrica.com.br/media/videos/empresa.ogg]
[www.dafabrica.com.br/contato/css/master.css]
[www.dafabrica.com.br/contato/css/meucss.css]
[www.dafabrica.com.br/contato/produtos.html]
[www.dafabrica.com.br/contato/index.html]
[www.dafabrica.com.br/contato/media/local.html]
[www.dafabrica.com.br/.html]
[www.dafabrica.com.br/contato/js/jquery-1.11.1.min.js]
[www.dafabrica.com.br/contato/js/jquery-migrate-1.2.1.js]
[www.dafabrica.com.br/contato/js/bootstrap-3.1.1.min.js]
[www.dafabrica.com.br/contato/js/modernizr.custom.js]
[www.dafabrica.com.br/contato/js/classie.js]
[www.dafabrica.com.br/contato/js/pathLoader.js]
[www.dafabrica.com.br/contato/js/waypoints.min.js]
[www.dafabrica.com.br/contato/js/loader.js]
[www.dafabrica.com.br/contato/js/jflickrfeed.min.js]
[www.dafabrica.com.br/contato/plugins/selectbox/jquery.selectbox-0.2.html]
[www.dafabrica.com.br/contato/plugins/backstretch/backstretch-2.0.4.min.html]
[www.dafabrica.com.br/contato/plugins/camera-slider/camera-slider-1.3.4.min.html]
[www.dafabrica.com.br/contato/plugins/camera-slider/easing-1.3.min.html]
[www.dafabrica.com.br/contato/plugins/fancybox/fancybox-1.3.4.pack.html]
[www.dafabrica.com.br/contato/plugins/fancybox/klass-1.0.min.html]
[www.dafabrica.com.br/contato/plugins/fancybox/photoswipe-3.0.5.min.html]
[www.dafabrica.com.br/contato/plugins/hover-animations/transform2d.min.html]
[www.dafabrica.com.br/contato/plugins/hover-animations/hover-animations-1.0.min.html]
[www.dafabrica.com.br/contato/js/smart-menu.js]
[www.dafabrica.com.br/contato/js/cssua.min.js]
[www.dafabrica.com.br/contato/plugins/bxslider/jquery.bxslider.min.html]
[www.dafabrica.com.br/contato/plugins/nouislider/jquery.nouislider.min.html]
[www.dafabrica.com.br/contato/plugins/flexslider/jquery.flexslider.html]
[www.dafabrica.com.br/contato/js/parallax.min.js]
[www.dafabrica.com.br/contato/js/custom.js]
[www.dafabrica.com.br/blog/troca-oleo.html]
[www.dafabrica.com.br/blog/imgs/distribuidor.jpg]
[www.dafabrica.com.br/contato.html]
[www.dafabrica.com.br/blog/html]
[www.dafabrica.com.br/blog/palhetas.html]
[www.dafabrica.com.br/blog/produtos.html]
[www.dafabrica.com.br/Popover requires tooltip.html]
[www.dafabrica.com.br/fonts/glyphicons-halflings-regular.html]
[www.dafabrica.com.br/fonts/glyphicons-halflings-regulard41d.html]
[www.dafabrica.com.br/fonts/glyphicons-halflings-regular-2.html]
[www.dafabrica.com.br/fonts/glyphicons-halflings-regular-3.html]
[www.dafabrica.com.br/fonts/glyphicons-halflings-regular-4.html]
[www.dafabrica.com.br/media/slider/banner01.jpg]
[www.dafabrica.com.br/img/newsletter-line.png]
[www.dafabrica.com.br/img/icons/ico_embalagem.png]
[www.dafabrica.com.br/img/icons/ico_cores.png]
[www.dafabrica.com.br/img/icons/ico_versoes.png]
[www.dafabrica.com.br/img/icons/ico_bio.png]
[www.dafabrica.com.br/css/home.css]
[www.dafabrica.com.br/fonts/webfontkit/fjallaone-regular-webfont.html]
[www.dafabrica.com.br/fonts/webfontkit/fjallaone-regular-webfontd41d.html]
[www.dafabrica.com.br/fonts/webfontkit/fjallaone-regular-webfont-2.html]
[www.dafabrica.com.br/fonts/font-awesome-4.1.0/fonts/fontawesome-webfont862f.svg]
[www.dafabrica.com.br/plugins/camera-slider/camera-master/images/blank.html]
[www.dafabrica.com.br/plugins/camera-slider/camera-master/images/patterns/overlay1.html]
[www.dafabrica.com.br/plugins/camera-slider/camera-master/images/patterns/overlay2.html]
[www.dafabrica.com.br/plugins/camera-slider/camera-master/images/patterns/overlay3.html]
[www.dafabrica.com.br/plugins/camera-slider/camera-master/images/patterns/overlay4.html]
[www.dafabrica.com.br/plugins/camera-slider/camera-master/images/patterns/overlay5.html]
[www.dafabrica.com.br/plugins/camera-slider/camera-master/images/patterns/overlay6.html]
[www.dafabrica.com.br/plugins/camera-slider/camera-master/images/patterns/overlay7.html]
[www.dafabrica.com.br/plugins/camera-slider/camera-master/images/patterns/overlay8.html]
[www.dafabrica.com.br/plugins/camera-slider/camera-master/images/patterns/overlay9.html]
[www.dafabrica.com.br/plugins/camera-slider/camera-master/images/patterns/overlay10.html]
[www.dafabrica.com.br/plugins/fancybox/fancybox/fancy_close.html]
[www.dafabrica.com.br/plugins/fancybox/fancybox/fancy_nav_left.html]
[www.dafabrica.com.br/plugins/fancybox/fancybox/fancy_nav_right.html]
[www.dafabrica.com.br/plugins/fancybox/fancybox/fancy_title_over.html]
[www.dafabrica.com.br/plugins/fancybox/fancybox/fancy_title_left.html]
[www.dafabrica.com.br/plugins/fancybox/fancybox/fancy_title_main.html]
[www.dafabrica.com.br/plugins/fancybox/fancybox/fancy_title_right.html]
[www.dafabrica.com.br/plugins/fancybox/fancybox/fancy_loading.html]
[www.dafabrica.com.br/plugins/fancybox/fancybox/fancy_shadow_n.html]
[www.dafabrica.com.br/plugins/fancybox/fancybox/fancy_shadow_ne.html]
[www.dafabrica.com.br/plugins/fancybox/fancybox/fancy_shadow_e.html]
[www.dafabrica.com.br/plugins/fancybox/fancybox/fancy_shadow_se.html]
[www.dafabrica.com.br/plugins/fancybox/fancybox/fancy_shadow_s.html]
[www.dafabrica.com.br/plugins/fancybox/fancybox/fancy_shadow_sw.html]
[www.dafabrica.com.br/plugins/fancybox/fancybox/fancy_shadow_w.html]
[www.dafabrica.com.br/plugins/fancybox/fancybox/fancy_shadow_nw.html]
[www.dafabrica.com.br/plugins/fancybox/loader.html]
[www.dafabrica.com.br/plugins/fancybox/error.html]
[www.dafabrica.com.br/plugins/fancybox/icons.html]
[www.dafabrica.com.br/plugins/fancybox/icons@2x.html]
[www.dafabrica.com.br/plugins/flexslider/fonts/flexslider-icon.svg]
[www.dafabrica.com.br/media/videos/empresa.mp4]
[www.dafabrica.com.br/contato/css/bootstrap-3.1.1.min.css]
[www.dafabrica.com.br/contato/css/custom.css]
[www.dafabrica.com.br/contato/css/inner.css]
[www.dafabrica.com.br/contato/css/home.css]
[www.dafabrica.com.br/contato/css/shop.css]
[www.dafabrica.com.br/contato/css/responsive.css]
[www.dafabrica.com.br/contato/css/loader.css]
[www.dafabrica.com.br/contato/css/color.css]
[www.dafabrica.com.br/contato/css/smart-menu.css]
[www.dafabrica.com.br/contato/css/animate.css]
[www.dafabrica.com.br/contato/css/debugging.css]
[www.dafabrica.com.br/contato/fonts/webfontkit/stylesheet.html]
[www.dafabrica.com.br/contato/fonts/font-awesome-4.1.0/css/font-awesome.min.css]
[www.dafabrica.com.br/contato/plugins/selectbox/jquery.selectbox.html]
[www.dafabrica.com.br/contato/plugins/camera-slider/camera-slider-1.3.4.min-2.html]
[www.dafabrica.com.br/contato/plugins/fancybox/fancybox-1.3.4.min.html]
[www.dafabrica.com.br/contato/plugins/fancybox/photoswipe-3.0.5.min-2.html]
[www.dafabrica.com.br/contato/plugins/hover-animations/hover-animations-1.0.min-2.html]
[www.dafabrica.com.br/contato/plugins/justinaguilar-animations/animations.html]
[www.dafabrica.com.br/contato/plugins/validation/validation-2.2.min.html]
[www.dafabrica.com.br/contato/plugins/bxslider/jquery.bxslider.html]
[www.dafabrica.com.br/contato/plugins/nouislider/jquery.nouislider.html]
[www.dafabrica.com.br/contato/plugins/flexslider/flexslider.html]
[www.dafabrica.com.br/contato/media/paralax/parallax_meio.html]
[www.dafabrica.com.br/contato/media/paralax/paralaxcoop2.html]
[www.dafabrica.com.br/contato/Popover requires tooltip.html]
[www.dafabrica.com.br/blog/ripsaw.html]
[www.dafabrica.com.br/blog/veiculos-blindados.html]
[www.dafabrica.com.br/blog/meio-fio.html]
[www.dafabrica.com.br/blog/oleo-90segundos.html]
[www.dafabrica.com.br/blog/riscos-lavagem.html]
[www.dafabrica.com.br/css/PIE.php]
[www.dafabrica.com.br/media/videos/empresa.ogg]
[www.dafabrica.com.br/blog/imgs/distribuidor.jpg]
[www.dafabrica.com.br/blog/imgs/ar.jpg]
[www.dafabrica.com.br/img/icons/ico_aplicacao.png]
[www.dafabrica.com.br/contato/fonts/glyphicons-halflings-regular.eot]
[www.dafabrica.com.br/contato/fonts/glyphicons-halflings-regulard41d.eot]
[www.dafabrica.com.br/contato/fonts/glyphicons-halflings-regular.woff]
[www.dafabrica.com.br/contato/fonts/glyphicons-halflings-regular.ttf]
[www.dafabrica.com.br/contato/fonts/glyphicons-halflings-regular.svg]
[www.dafabrica.com.br/contato/img/bg_loader.jpg]
[www.dafabrica.com.br/contato/css/PIE.php]
[www.dafabrica.com.br/contato/img/icons/phone.png]
[www.dafabrica.com.br/contato/img/newsletter-line.png]
[www.dafabrica.com.br/contato/img/icons/ico_aplicacao.png]
[www.dafabrica.com.br/contato/img/icons/ico_embalagem.png]
[www.dafabrica.com.br/contato/img/icons/ico_cores.png]
[www.dafabrica.com.br/contato/img/icons/ico_versoes.png]
[www.dafabrica.com.br/contato/img/icons/ico_bio.png]
[www.dafabrica.com.br/contato/fonts/font-awesome-4.1.0/fonts/fontawesome-webfont862f.eot]
[www.dafabrica.com.br/contato/fonts/font-awesome-4.1.0/fonts/fontawesome-webfontd41d.eot]
[www.dafabrica.com.br/contato/fonts/font-awesome-4.1.0/fonts/fontawesome-webfont862f.woff]
[www.dafabrica.com.br/contato/fonts/font-awesome-4.1.0/fonts/fontawesome-webfont862f.ttf]
[www.dafabrica.com.br/contato/fonts/font-awesome-4.1.0/fonts/fontawesome-webfont862f.svg]
[www.dafabrica.com.br/blog/blindados.html]
